
On branch master
Your branch is up to date with 'origin/master'.

Changes to be committed:
  (use "git restore --staged <file>..." to unstage)
        new file:   test.txt


avia.nahri@USG5LT1XWWXY2 MINGW64 /c/GIT/lrnGIT (master)
$ git commit -m "fist commit" test.txt
[master a986f69] fist commit
 1 file changed, 1 insertion(+)
 create mode 100644 test.txt

avia.nahri@USG5LT1XWWXY2 MINGW64 /c/GIT/lrnGIT (master)
$ git push -u origin master
Enumerating objects: 4, done.
Counting objects: 100% (4/4), done.
Delta compression using up to 12 threads
Compressing objects: 100% (2/2), done.
Writing objects: 100% (3/3), 288 bytes | 288.00 KiB/s, done.
Total 3 (delta 0), reused 0 (delta 0), pack-reused 0
To https://github.com/wrisha/lrnGIT.git
   a1b4da2..a986f69  master -> master
Branch 'master' set up to track remote branch 'master' from 'origin'.

avia.nahri@USG5LT1XWWXY2 MINGW64 /c/GIT/lrnGIT (master)
$ git status
On branch master
Your branch is up to date with 'origin/master'.

Changes not staged for commit:
  (use "git add <file>..." to update what will be committed)
  (use "git restore <file>..." to discard changes in working directory)
        modified:   test.txt

no changes added to commit (use "git add" and/or "git commit -a")

avia.nahri@USG5LT1XWWXY2 MINGW64 /c/GIT/lrnGIT (master)
$ git commit -m "2nd commit" test.txt
[master 56799c9] 2nd commit
 1 file changed, 719 insertions(+)

avia.nahri@USG5LT1XWWXY2 MINGW64 /c/GIT/lrnGIT (master)
$ git push -u origin master
Enumerating objects: 5, done.
Counting objects: 100% (5/5), done.
Delta compression using up to 12 threads
Compressing objects: 100% (3/3), done.
Writing objects: 100% (3/3), 2.54 KiB | 2.54 MiB/s, done.
Total 3 (delta 0), reused 0 (delta 0), pack-reused 0
To https://github.com/wrisha/lrnGIT.git
   a986f69..56799c9  master -> master
Branch 'master' set up to track remote branch 'master' from 'origin'.

avia.nahri@USG5LT1XWWXY2 MINGW64 /c/GIT/lrnGIT (master)
$ git pull
